// Jest Snapshot v1, https://goo.gl/fbAQLP

exports[`SummaryCardBatchActions renders 1`] = `
<div
  class="bx--batch-actions security--summary-card__batch-actions"
>
  <div
    class="bx--action-list"
  >
    <button
      class="bx--batch-summary__cancel bx--btn bx--btn--primary"
      tabindex="0"
      type="button"
    >
      Cancel
    </button>
  </div>
  <div
    class="bx--batch-summary"
  >
    <p
      class="bx--batch-summary__para"
    >
      <span>
        0 item selected
      </span>
    </p>
  </div>
</div>
`;
