// Jest Snapshot v1, https://goo.gl/fbAQLP

exports[`StatusIndicator renders 1`] = `
<div
  className="security--status-indicator"
>
  <h1
    className="security--status-indicator__title"
  >
    Status indicator title
  </h1>
  <ul
    className="security--status-indicator__list"
  >
    <StatusStep
      className=""
      description="Status step 1"
      errorMsg={null}
      key="0"
      label="Status step 1"
      status="complete"
    />
    <StatusStep
      className=""
      description="Status step 2"
      errorMsg={null}
      key="1"
      label="Status step 2"
      status="current"
    />
    <StatusStep
      className=""
      description="Status step 3"
      errorMsg={null}
      key="2"
      label="Status step 3"
      status="failed"
    />
    <StatusStep
      className=""
      description="Status step 4"
      errorMsg={null}
      key="3"
      label="Status step 4"
      status="incomplete"
    />
    <Button
      className="security--status-indicator__button--retry"
      disabled={false}
      kind="ghost"
      loading={false}
      renderIcon={
        Object {
          "$$typeof": Symbol(react.forward_ref),
          "render": [Function],
        }
      }
      tabIndex={0}
      type="button"
    >
      Retry
    </Button>
  </ul>
</div>
`;
