// Jest Snapshot v1, https://goo.gl/fbAQLP

exports[`PanelV2 should render as expected 1`] = `
<body
  class="security--portal__container"
>
  <main />
  <section
    class="security--panelv2 custom-class security--panelv2__transition--appear"
  >
    <header
      class="security--panelv2__header"
    >
      <button
        aria-label="Close"
        class="security--button--icon security--panelv2__button--close"
      >
        <svg
          aria-hidden="true"
          class="security--icon"
          focusable="false"
          height="20"
          preserveAspectRatio="xMidYMid meet"
          style="will-change: transform;"
          viewBox="0 0 32 32"
          width="20"
          xmlns="http://www.w3.org/2000/svg"
        >
          <path
            d="M24 9.4L22.6 8 16 14.6 9.4 8 8 9.4 14.6 16 8 22.6 9.4 24 16 17.4 22.6 24 24 22.6 17.4 16 24 9.4z"
          />
        </svg>
      </button>
      <div
        class="security--panelv2__header__container--title"
      >
        <h2
          class="security--panelv2__header--title"
        >
          Title
        </h2>
        <div
          class="security--panelv2__header--subtitle"
        >
          Subtitle
        </div>
      </div>
    </header>
    <section
      class="security--panelv2__body security--panelv2__body--footer"
      style="margin-top: 0px; margin-bottom: 0px;"
    >
      <div
        class="security--panel__body--content"
        role="tabpanel"
        tabindex="0"
      >
        Content
      </div>
    </section>
    <footer
      class="security--panelv2__footer"
    >
      <button
        class="security--button bx--btn bx--btn--primary"
        tabindex="0"
        type="button"
      >
        Add
      </button>
    </footer>
  </section>
  <div
    class="security--portal__overlay"
    tabindex="-1"
  />
</body>
`;
