// Jest Snapshot v1, https://goo.gl/fbAQLP

exports[`ComboButton renders 1`] = `
<div
  className="security--combo-button"
  data-floating-menu-container={true}
>
  <Button
    disabled={false}
    iconDescription="arrow right"
    kind="primary"
    label="Start a task"
    largeText={null}
    onClick={[Function]}
    renderIcon={null}
    tabIndex={0}
    type="button"
  >
    Start a task
  </Button>
  <ForwardRef(OverflowMenu)
    className="security--button bx--btn bx--btn--primary"
    direction="top"
    menuOffset={[Function]}
    menuOptionsClass="bx--list-box__menu"
    onClose={[Function]}
    onOpen={[Function]}
    renderIcon={
      Object {
        "$$typeof": Symbol(react.forward_ref),
        "render": [Function],
      }
    }
  >
    <ComboButtonItem
      className="some-class"
      itemText={
        <React.Fragment>
          <span>
            Filter list 1
          </span>
          <ForwardRef(Filter20) />
        </React.Fragment>
      }
    />
    <ComboButtonItem
      className="some-class"
      itemText={
        <React.Fragment>
          <span>
            Filter list 2
          </span>
        </React.Fragment>
      }
    />
  </ForwardRef(OverflowMenu)>
</div>
`;

exports[`ComboButton renders the HTML of the node's subtree 1`] = `
<div
  class="security--combo-button"
  data-floating-menu-container="true"
>
  <button
    class="security--button bx--btn bx--btn--primary"
    label="Start a task"
    tabindex="0"
    type="button"
  >
    Start a task
  </button>
  <div
    aria-expanded="false"
    aria-haspopup="true"
    aria-label="Menu"
    class="security--button bx--btn bx--btn--primary bx--overflow-menu"
    role="button"
    tabindex="0"
  >
    <svg
      aria-label="open and close list of options"
      class="bx--overflow-menu__icon"
      focusable="false"
      height="16"
      preserveAspectRatio="xMidYMid meet"
      role="img"
      style="will-change:transform"
      viewBox="0 0 16 16"
      width="16"
      xmlns="http://www.w3.org/2000/svg"
    >
      <path
        d="M8 11L3 6l.7-.7L8 9.6l4.3-4.3.7.7z"
      />
      <title>
        open and close list of options
      </title>
    </svg>
  </div>
</div>
`;
